[2026-09-14 12:48:50.723] [1937] [HailoRT] [info] [hef.cpp:1963] [get_network_group_and_network_name] No name was given. Addressing all networks of default network_group: yolov8s
[2026-09-14 12:48:50.756] [1937] [HailoRT] [info] [hef.cpp:1963] [get_network_group_and_network_name] No name was given. Addressing all networks of default network_group: yolov8s
[2026-09-14 12:48:50.788] [1937] [HailoRT] [info] [hef.cpp:1963] [get_network_group_and_network_name] No name was given. Addressing all networks of default network_group: yolov8s
[2026-09-14 12:48:50.822] [1937] [HailoRT] [info] [hef.cpp:1963] [get_network_group_and_network_name] No name was given. Addressing all networks of default network_group: yolov8s
[2026-09-14 12:48:50.854] [1937] [HailoRT] [info] [hef.cpp:1963] [get_network_group_and_network_name] No name was given. Addressing all networks of default network_group: yolov8s
[2026-09-14 12:48:50.887] [1937] [HailoRT] [info] [hef.cpp:1963] [get_network_group_and_network_name] No name was given. Addressing all networks of default network_group: yolov8s
[2026-09-14 12:48:50.922] [1937] [HailoRT] [info] [hef.cpp:1963] [get_network_group_and_network_name] No name was given. Addressing all networks of default network_group: yolov8s
[2026-09-14 12:48:50.954] [1937] [HailoRT] [info] [hef.cpp:1963] [get_network_group_and_network_name] No name was given. Addressing all networks of default network_group: yolov8s
[2026-09-14 12:48:50.987] [1937] [HailoRT] [info] [hef.cpp:1963] [get_network_group_and_network_name] No name was given. Addressing all networks of default network_group: yolov8s
[2026-09-14 12:48:51.022] [1937] [HailoRT] [info] [hef.cpp:1963] [get_network_group_and_network_name] No name was given. Addressing all networks of default network_group: yolov8s
[2026-09-14 12:48:51.054] [1937] [HailoRT] [info] [hef.cpp:1963] [get_network_group_and_network_name] No name was given. Addressing all networks of default network_group: yolov8s
[2026-09-14 12:48:51.087] [1937] [HailoRT] [info] [hef.cpp:1963] [get_network_group_and_network_name] No name was given. Addressing all networks of default network_group: yolov8s
[2026-09-14 12:48:51.120] [1937] [HailoRT] [info] [hef.cpp:1963] [get_network_group_and_network_name] No name was given. Addressing all networks of default network_group: yolov8s
[2026-09-14 12:48:51.155] [1937] [HailoRT] [info] [hef.cpp:1963] [get_network_group_and_network_name] No name was given. Addressing all networks of default network_group: yolov8s
[2026-09-14 12:48:51.187] [1937] [HailoRT] [info] [hef.cpp:1963] [get_network_group_and_network_name] No name was given. Addressing all networks of default network_group: yolov8s
[2026-09-14 12:48:51.220] [1937] [HailoRT] [info] [hef.cpp:1963] [get_network_group_and_network_name] No name was given. Addressing all networks of default network_group: yolov8s
[2026-09-14 12:48:51.254] [1937] [HailoRT] [info] [hef.cpp:1963] [get_network_group_and_network_name] No name was given. Addressing all networks of default network_group: yolov8s
[2026-09-14 12:48:51.287] [1937] [HailoRT] [info] [hef.cpp:1963] [get_network_group_and_network_name] No name was given. Addressing all networks of default network_group: yolov8s
[2026-09-14 12:48:51.320] [1937] [HailoRT] [info] [hef.cpp:1963] [get_network_group_and_network_name] No name was given. Addressing all networks of default network_group: yolov8s
[2026-09-14 12:48:51.353] [1937] [HailoRT] [info] [hef.cpp:1963] [get_network_group_and_network_name] No name was given. Addressing all networks of default network_group: yolov8s
[2026-09-14 12:48:51.385] [1937] [HailoRT] [info] [hef.cpp:1963] [get_network_group_and_network_name] No name was given. Addressing all networks of default network_group: yolov8s
[2026-09-14 12:48:51.420] [1937] [HailoRT] [info] [hef.cpp:1963] [get_network_group_and_network_name] No name was given. Addressing all networks of default network_group: yolov8s
[2026-09-14 12:48:51.453] [1937] [HailoRT] [info] [hef.cpp:1963] [get_network_group_and_network_name] No name was given. Addressing all networks of default network_group: yolov8s
[2026-09-14 12:48:51.486] [1937] [HailoRT] [info] [hef.cpp:1963] [get_network_group_and_network_name] No name was given. Addressing all networks of default network_group: yolov8s
[2026-09-14 12:48:51.519] [1937] [HailoRT] [info] [hef.cpp:1963] [get_network_group_and_network_name] No name was given. Addressing all networks of default network_group: yolov8s
[2026-09-14 12:48:51.555] [1937] [HailoRT] [info] [hef.cpp:1963] [get_network_group_and_network_name] No name was given. Addressing all networks of default network_group: yolov8s
[2026-09-14 12:48:51.589] [1937] [HailoRT] [info] [hef.cpp:1963] [get_network_group_and_network_name] No name was given. Addressing all networks of default network_group: yolov8s
[2026-09-14 12:48:51.621] [1937] [HailoRT] [info] [hef.cpp:1963] [get_network_group_and_network_name] No name was given. Addressing all networks of default network_group: yolov8s
[2026-09-14 12:48:51.656] [1937] [HailoRT] [info] [hef.cpp:1963] [get_network_group_and_network_name] No name was given. Addressing all networks of default network_group: yolov8s
[2026-09-14 12:48:51.691] [1937] [HailoRT] [info] [hef.cpp:1963] [get_network_group_and_network_name] No name was given. Addressing all networks of default network_group: yolov8s
[2026-09-14 12:48:51.722] [1937] [HailoRT] [info] [hef.cpp:1963] [get_network_group_and_network_name] No name was given. Addressing all networks of default network_group: yolov8s
[2026-09-14 12:48:51.756] [1937] [HailoRT] [info] [hef.cpp:1963] [get_network_group_and_network_name] No name was given. Addressing all networks of default network_group: yolov8s
[2026-09-14 12:48:51.788] [1937] [HailoRT] [info] [hef.cpp:1963] [get_network_group_and_network_name] No name was given. Addressing all networks of default network_group: yolov8s
[2026-09-14 12:48:51.821] [1937] [HailoRT] [info] [hef.cpp:1963] [get_network_group_and_network_name] No name was given. Addressing all networks of default network_group: yolov8s
[2026-09-14 12:48:51.855] [1937] [HailoRT] [info] [hef.cpp:1963] [get_network_group_and_network_name] No name was given. Addressing all networks of default network_group: yolov8s
[2026-09-14 12:48:51.889] [1937] [HailoRT] [info] [hef.cpp:1963] [get_network_group_and_network_name] No name was given. Addressing all networks of default network_group: yolov8s
[2026-09-14 12:48:51.922] [1937] [HailoRT] [info] [hef.cpp:1963] [get_network_group_and_network_name] No name was given. Addressing all networks of default network_group: yolov8s
[2026-09-14 12:48:51.956] [1937] [HailoRT] [info] [hef.cpp:1963] [get_network_group_and_network_name] No name was given. Addressing all networks of default network_group: yolov8s
[2026-09-14 12:48:51.988] [1937] [HailoRT] [info] [hef.cpp:1963] [get_network_group_and_network_name] No name was given. Addressing all networks of default network_group: yolov8s
[2026-09-14 12:48:52.020] [1937] [HailoRT] [info] [hef.cpp:1963] [get_network_group_and_network_name] No name was given. Addressing all networks of default network_group: yolov8s
[2026-09-14 12:48:52.055] [1937] [HailoRT] [info] [hef.cpp:1963] [get_network_group_and_network_name] No name was given. Addressing all networks of default network_group: yolov8s
[2026-09-14 12:48:52.086] [1937] [HailoRT] [info] [hef.cpp:1963] [get_network_group_and_network_name] No name was given. Addressing all networks of default network_group: yolov8s
[2026-09-14 12:48:52.120] [1937] [HailoRT] [info] [hef.cpp:1963] [get_network_group_and_network_name] No name was given. Addressing all networks of default network_group: yolov8s
[2026-09-14 12:48:52.155] [1937] [HailoRT] [info] [hef.cpp:1963] [get_network_group_and_network_name] No name was given. Addressing all networks of default network_group: yolov8s
[2026-09-14 12:48:52.187] [1937] [HailoRT] [info] [hef.cpp:1963] [get_network_group_and_network_name] No name was given. Addressing all networks of default network_group: yolov8s
[2026-09-14 12:48:52.222] [1937] [HailoRT] [info] [hef.cpp:1963] [get_network_group_and_network_name] No name was given. Addressing all networks of default network_group: yolov8s
[2026-09-14 12:48:52.257] [1937] [HailoRT] [info] [hef.cpp:1963] [get_network_group_and_network_name] No name was given. Addressing all networks of default network_group: yolov8s
[2026-09-14 12:48:52.290] [1937] [HailoRT] [info] [hef.cpp:1963] [get_network_group_and_network_name] No name was given. Addressing all networks of default network_group: yolov8s
[2026-09-14 12:48:52.324] [1937] [HailoRT] [info] [hef.cpp:1963] [get_network_group_and_network_name] No name was given. Addressing all networks of default network_group: yolov8s
[2026-09-14 12:48:52.356] [1937] [HailoRT] [info] [hef.cpp:1963] [get_network_group_and_network_name] No name was given. Addressing all networks of default network_group: yolov8s
[2026-09-14 12:48:52.389] [1937] [HailoRT] [info] [hef.cpp:1963] [get_network_group_and_network_name] No name was given. Addressing all networks of default network_group: yolov8s
[2026-09-14 12:48:52.422] [1937] [HailoRT] [info] [hef.cpp:1963] [get_network_group_and_network_name] No name was given. Addressing all networks of default network_group: yolov8s
[2026-09-14 12:48:52.457] [1937] [HailoRT] [info] [hef.cpp:1963] [get_network_group_and_network_name] No name was given. Addressing all networks of default network_group: yolov8s
[2026-09-14 12:48:52.488] [1937] [HailoRT] [info] [hef.cpp:1963] [get_network_group_and_network_name] No name was given. Addressing all networks of default network_group: yolov8s
[2026-09-14 12:48:52.521] [1937] [HailoRT] [info] [hef.cpp:1963] [get_network_group_and_network_name] No name was given. Addressing all networks of default network_group: yolov8s
[2026-09-14 12:48:52.555] [1937] [HailoRT] [info] [hef.cpp:1963] [get_network_group_and_network_name] No name was given. Addressing all networks of default network_group: yolov8s
[2026-09-14 12:48:52.587] [1937] [HailoRT] [info] [hef.cpp:1963] [get_network_group_and_network_name] No name was given. Addressing all networks of default network_group: yolov8s
[2026-09-14 12:48:52.620] [1937] [HailoRT] [info] [hef.cpp:1963] [get_network_group_and_network_name] No name was given. Addressing all networks of default network_group: yolov8s
[2026-09-14 12:48:52.656] [1937] [HailoRT] [info] [hef.cpp:1963] [get_network_group_and_network_name] No name was given. Addressing all networks of default network_group: yolov8s
[2026-09-14 12:48:52.689] [1937] [HailoRT] [info] [hef.cpp:1963] [get_network_group_and_network_name] No name was given. Addressing all networks of default network_group: yolov8s
[2026-09-14 12:48:52.721] [1937] [HailoRT] [info] [hef.cpp:1963] [get_network_group_and_network_name] No name was given. Addressing all networks of default network_group: yolov8s
[2026-09-14 12:48:52.755] [1937] [HailoRT] [info] [hef.cpp:1963] [get_network_group_and_network_name] No name was given. Addressing all networks of default network_group: yolov8s
[2026-09-14 12:48:52.790] [1937] [HailoRT] [info] [hef.cpp:1963] [get_network_group_and_network_name] No name was given. Addressing all networks of default network_group: yolov8s
[2026-09-14 12:48:52.822] [1937] [HailoRT] [info] [hef.cpp:1963] [get_network_group_and_network_name] No name was given. Addressing all networks of default network_group: yolov8s
[2026-09-14 12:48:52.855] [1937] [HailoRT] [info] [hef.cpp:1963] [get_network_group_and_network_name] No name was given. Addressing all networks of default network_group: yolov8s
[2026-09-14 12:48:52.889] [1937] [HailoRT] [info] [hef.cpp:1963] [get_network_group_and_network_name] No name was given. Addressing all networks of default network_group: yolov8s
[2026-09-14 12:48:52.921] [1937] [HailoRT] [info] [hef.cpp:1963] [get_network_group_and_network_name] No name was given. Addressing all networks of default network_group: yolov8s
[2026-09-14 12:48:52.955] [1937] [HailoRT] [info] [hef.cpp:1963] [get_network_group_and_network_name] No name was given. Addressing all networks of default network_group: yolov8s
[2026-09-14 12:48:52.992] [1937] [HailoRT] [info] [hef.cpp:1963] [get_network_group_and_network_name] No name was given. Addressing all networks of default network_group: yolov8s
[2026-09-14 12:48:53.023] [1937] [HailoRT] [info] [hef.cpp:1963] [get_network_group_and_network_name] No name was given. Addressing all networks of default network_group: yolov8s
[2026-09-14 12:48:53.057] [1937] [HailoRT] [info] [hef.cpp:1963] [get_network_group_and_network_name] No name was given. Addressing all networks of default network_group: yolov8s
[2026-09-14 12:48:53.089] [1937] [HailoRT] [info] [hef.cpp:1963] [get_network_group_and_network_name] No name was given. Addressing all networks of default network_group: yolov8s
[2026-09-14 12:48:53.120] [1937] [HailoRT] [info] [hef.cpp:1963] [get_network_group_and_network_name] No name was given. Addressing all networks of default network_group: yolov8s
[2026-09-14 12:48:53.153] [1937] [HailoRT] [info] [hef.cpp:1963] [get_network_group_and_network_name] No name was given. Addressing all networks of default network_group: yolov8s
[2026-09-14 12:48:53.186] [1937] [HailoRT] [info] [hef.cpp:1963] [get_network_group_and_network_name] No name was given. Addressing all networks of default network_group: yolov8s
[2026-09-14 12:48:53.221] [1937] [HailoRT] [info] [hef.cpp:1963] [get_network_group_and_network_name] No name was given. Addressing all networks of default network_group: yolov8s
[2026-09-14 12:48:53.254] [1937] [HailoRT] [info] [hef.cpp:1963] [get_network_group_and_network_name] No name was given. Addressing all networks of default network_group: yolov8s
[2026-09-14 12:48:53.287] [1937] [HailoRT] [info] [hef.cpp:1963] [get_network_group_and_network_name] No name was given. Addressing all networks of default network_group: yolov8s
[2026-09-14 12:48:53.321] [1937] [HailoRT] [info] [hef.cpp:1963] [get_network_group_and_network_name] No name was given. Addressing all networks of default network_group: yolov8s
[2026-09-14 12:48:53.353] [1937] [HailoRT] [info] [hef.cpp:1963] [get_network_group_and_network_name] No name was given. Addressing all networks of default network_group: yolov8s
[2026-09-14 12:48:53.388] [1937] [HailoRT] [info] [hef.cpp:1963] [get_network_group_and_network_name] No name was given. Addressing all networks of default network_group: yolov8s
[2026-09-14 12:48:53.420] [1937] [HailoRT] [info] [hef.cpp:1963] [get_network_group_and_network_name] No name was given. Addressing all networks of default network_group: yolov8s
[2026-09-14 12:48:53.453] [1937] [HailoRT] [info] [hef.cpp:1963] [get_network_group_and_network_name] No name was given. Addressing all networks of default network_group: yolov8s
[2026-09-14 12:48:53.487] [1937] [HailoRT] [info] [hef.cpp:1963] [get_network_group_and_network_name] No name was given. Addressing all networks of default network_group: yolov8s
[2026-09-14 12:48:53.521] [1937] [HailoRT] [info] [hef.cpp:1963] [get_network_group_and_network_name] No name was given. Addressing all networks of default network_group: yolov8s
[2026-09-14 12:48:53.553] [1937] [HailoRT] [info] [hef.cpp:1963] [get_network_group_and_network_name] No name was given. Addressing all networks of default network_group: yolov8s
[2026-09-14 12:48:53.586] [1937] [HailoRT] [info] [hef.cpp:1963] [get_network_group_and_network_name] No name was given. Addressing all networks of default network_group: yolov8s
[2026-09-14 12:48:53.621] [1937] [HailoRT] [info] [hef.cpp:1963] [get_network_group_and_network_name] No name was given. Addressing all networks of default network_group: yolov8s
[2026-09-14 12:48:53.653] [1937] [HailoRT] [info] [hef.cpp:1963] [get_network_group_and_network_name] No name was given. Addressing all networks of default network_group: yolov8s
[2026-09-14 12:48:53.688] [1937] [HailoRT] [info] [hef.cpp:1963] [get_network_group_and_network_name] No name was given. Addressing all networks of default network_group: yolov8s
[2026-09-14 12:48:53.725] [1937] [HailoRT] [info] [hef.cpp:1963] [get_network_group_and_network_name] No name was given. Addressing all networks of default network_group: yolov8s
[2026-09-14 12:48:53.754] [1937] [HailoRT] [info] [hef.cpp:1963] [get_network_group_and_network_name] No name was given. Addressing all networks of default network_group: yolov8s
[2026-09-14 12:48:53.788] [1937] [HailoRT] [info] [hef.cpp:1963] [get_network_group_and_network_name] No name was given. Addressing all networks of default network_group: yolov8s
[2026-09-14 12:48:53.826] [1937] [HailoRT] [info] [hef.cpp:1963] [get_network_group_and_network_name] No name was given. Addressing all networks of default network_group: yolov8s
[2026-09-14 12:48:53.853] [1937] [HailoRT] [info] [hef.cpp:1963] [get_network_group_and_network_name] No name was given. Addressing all networks of default network_group: yolov8s
[2026-09-14 12:48:53.889] [1937] [HailoRT] [info] [hef.cpp:1963] [get_network_group_and_network_name] No name was given. Addressing all networks of default network_group: yolov8s
[2026-09-14 12:48:53.926] [1937] [HailoRT] [info] [hef.cpp:1963] [get_network_group_and_network_name] No name was given. Addressing all networks of default network_group: yolov8s
[2026-09-14 12:48:53.954] [1937] [HailoRT] [info] [hef.cpp:1963] [get_network_group_and_network_name] No name was given. Addressing all networks of default network_group: yolov8s
[2026-09-14 12:48:53.986] [1937] [HailoRT] [info] [hef.cpp:1963] [get_network_group_and_network_name] No name was given. Addressing all networks of default network_group: yolov8s
[2026-09-14 12:48:54.025] [1937] [HailoRT] [info] [hef.cpp:1963] [get_network_group_and_network_name] No name was given. Addressing all networks of default network_group: yolov8s
[2026-09-14 12:48:54.054] [1937] [HailoRT] [info] [hef.cpp:1963] [get_network_group_and_network_name] No name was given. Addressing all networks of default network_group: yolov8s
[2026-09-14 12:48:54.086] [1937] [HailoRT] [info] [hef.cpp:1963] [get_network_group_and_network_name] No name was given. Addressing all networks of default network_group: yolov8s
[2026-09-14 12:48:54.118] [1937] [HailoRT] [info] [hef.cpp:1963] [get_network_group_and_network_name] No name was given. Addressing all networks of default network_group: yolov8s
[2026-09-14 12:48:54.153] [1937] [HailoRT] [info] [hef.cpp:1963] [get_network_group_and_network_name] No name was given. Addressing all networks of default network_group: yolov8s
[2026-09-14 12:48:54.186] [1937] [HailoRT] [info] [hef.cpp:1963] [get_network_group_and_network_name] No name was given. Addressing all networks of default network_group: yolov8s
[2026-09-14 12:48:54.221] [1937] [HailoRT] [info] [hef.cpp:1963] [get_network_group_and_network_name] No name was given. Addressing all networks of default network_group: yolov8s
[2026-09-14 12:48:54.257] [1937] [HailoRT] [info] [hef.cpp:1963] [get_network_group_and_network_name] No name was given. Addressing all networks of default network_group: yolov8s
[2026-09-14 12:48:54.287] [1937] [HailoRT] [info] [hef.cpp:1963] [get_network_group_and_network_name] No name was given. Addressing all networks of default network_group: yolov8s
[2026-09-14 12:48:54.320] [1937] [HailoRT] [info] [hef.cpp:1963] [get_network_group_and_network_name] No name was given. Addressing all networks of default network_group: yolov8s
[2026-09-14 12:48:54.357] [1937] [HailoRT] [info] [hef.cpp:1963] [get_network_group_and_network_name] No name was given. Addressing all networks of default network_group: yolov8s
[2026-09-14 12:48:54.387] [1937] [HailoRT] [info] [hef.cpp:1963] [get_network_group_and_network_name] No name was given. Addressing all networks of default network_group: yolov8s
[2026-09-14 12:48:54.420] [1937] [HailoRT] [info] [hef.cpp:1963] [get_network_group_and_network_name] No name was given. Addressing all networks of default network_group: yolov8s
[2026-09-14 12:48:54.455] [1937] [HailoRT] [info] [hef.cpp:1963] [get_network_group_and_network_name] No name was given. Addressing all networks of default network_group: yolov8s
[2026-09-14 12:48:54.486] [1937] [HailoRT] [info] [hef.cpp:1963] [get_network_group_and_network_name] No name was given. Addressing all networks of default network_group: yolov8s
[2026-09-14 12:48:54.520] [1937] [HailoRT] [info] [hef.cpp:1963] [get_network_group_and_network_name] No name was given. Addressing all networks of default network_group: yolov8s
[2026-09-14 12:48:54.551] [1937] [HailoRT] [info] [hef.cpp:1963] [get_network_group_and_network_name] No name was given. Addressing all networks of default network_group: yolov8s
[2026-09-14 12:48:54.586] [1937] [HailoRT] [info] [hef.cpp:1963] [get_network_group_and_network_name] No name was given. Addressing all networks of default network_group: yolov8s
[2026-09-14 12:48:54.619] [1937] [HailoRT] [info] [hef.cpp:1963] [get_network_group_and_network_name] No name was given. Addressing all networks of default network_group: yolov8s
[2026-09-14 12:48:54.653] [1937] [HailoRT] [info] [hef.cpp:1963] [get_network_group_and_network_name] No name was given. Addressing all networks of default network_group: yolov8s
[2026-09-14 12:48:54.685] [1937] [HailoRT] [info] [hef.cpp:1963] [get_network_group_and_network_name] No name was given. Addressing all networks of default network_group: yolov8s
[2026-09-14 12:48:54.720] [1937] [HailoRT] [info] [hef.cpp:1963] [get_network_group_and_network_name] No name was given. Addressing all networks of default network_group: yolov8s
[2026-09-14 12:48:54.754] [1937] [HailoRT] [info] [hef.cpp:1963] [get_network_group_and_network_name] No name was given. Addressing all networks of default network_group: yolov8s
[2026-09-14 12:48:54.786] [1937] [HailoRT] [info] [hef.cpp:1963] [get_network_group_and_network_name] No name was given. Addressing all networks of default network_group: yolov8s
[2026-09-14 12:48:54.821] [1937] [HailoRT] [info] [hef.cpp:1963] [get_network_group_and_network_name] No name was given. Addressing all networks of default network_group: yolov8s
[2026-09-14 12:48:54.854] [1937] [HailoRT] [info] [hef.cpp:1963] [get_network_group_and_network_name] No name was given. Addressing all networks of default network_group: yolov8s
[2026-09-14 12:48:54.886] [1937] [HailoRT] [info] [hef.cpp:1963] [get_network_group_and_network_name] No name was given. Addressing all networks of default network_group: yolov8s
[2026-09-14 12:48:54.920] [1937] [HailoRT] [info] [hef.cpp:1963] [get_network_group_and_network_name] No name was given. Addressing all networks of default network_group: yolov8s
[2026-09-14 12:48:54.953] [1937] [HailoRT] [info] [hef.cpp:1963] [get_network_group_and_network_name] No name was given. Addressing all networks of default network_group: yolov8s
[2026-09-14 12:48:54.984] [1937] [HailoRT] [info] [hef.cpp:1963] [get_network_group_and_network_name] No name was given. Addressing all networks of default network_group: yolov8s
[2026-09-14 12:48:55.019] [1937] [HailoRT] [info] [hef.cpp:1963] [get_network_group_and_network_name] No name was given. Addressing all networks of default network_group: yolov8s
[2026-09-14 12:48:55.051] [1937] [HailoRT] [info] [hef.cpp:1963] [get_network_group_and_network_name] No name was given. Addressing all networks of default network_group: yolov8s
[2026-09-14 12:48:55.085] [1937] [HailoRT] [info] [hef.cpp:1963] [get_network_group_and_network_name] No name was given. Addressing all networks of default network_group: yolov8s
[2026-09-14 12:48:55.121] [1937] [HailoRT] [info] [hef.cpp:1963] [get_network_group_and_network_name] No name was given. Addressing all networks of default network_group: yolov8s
[2026-09-14 12:48:55.155] [1937] [HailoRT] [info] [hef.cpp:1963] [get_network_group_and_network_name] No name was given. Addressing all networks of default network_group: yolov8s
[2026-09-14 12:48:55.188] [1937] [HailoRT] [info] [hef.cpp:1963] [get_network_group_and_network_name] No name was given. Addressing all networks of default network_group: yolov8s
[2026-09-14 12:48:55.223] [1937] [HailoRT] [info] [hef.cpp:1963] [get_network_group_and_network_name] No name was given. Addressing all networks of default network_group: yolov8s
[2026-09-14 12:48:55.257] [1937] [HailoRT] [info] [hef.cpp:1963] [get_network_group_and_network_name] No name was given. Addressing all networks of default network_group: yolov8s
[2026-09-14 12:48:55.290] [1937] [HailoRT] [info] [hef.cpp:1963] [get_network_group_and_network_name] No name was given. Addressing all networks of default network_group: yolov8s
[2026-09-14 12:48:55.320] [1937] [HailoRT] [info] [hef.cpp:1963] [get_network_group_and_network_name] No name was given. Addressing all networks of default network_group: yolov8s
[2026-09-14 12:48:55.352] [1937] [HailoRT] [info] [hef.cpp:1963] [get_network_group_and_network_name] No name was given. Addressing all networks of default network_group: yolov8s
[2026-09-14 12:48:55.385] [1937] [HailoRT] [info] [hef.cpp:1963] [get_network_group_and_network_name] No name was given. Addressing all networks of default network_group: yolov8s
[2026-09-14 12:48:55.423] [1937] [HailoRT] [info] [hef.cpp:1963] [get_network_group_and_network_name] No name was given. Addressing all networks of default network_group: yolov8s
[2026-09-14 12:48:55.454] [1937] [HailoRT] [info] [hef.cpp:1963] [get_network_group_and_network_name] No name was given. Addressing all networks of default network_group: yolov8s
[2026-09-14 12:48:55.486] [1937] [HailoRT] [info] [hef.cpp:1963] [get_network_group_and_network_name] No name was given. Addressing all networks of default network_group: yolov8s
[2026-09-14 12:48:55.519] [1937] [HailoRT] [info] [hef.cpp:1963] [get_network_group_and_network_name] No name was given. Addressing all networks of default network_group: yolov8s
[2026-09-14 12:48:55.552] [1937] [HailoRT] [info] [hef.cpp:1963] [get_network_group_and_network_name] No name was given. Addressing all networks of default network_group: yolov8s
[2026-09-14 12:48:55.585] [1937] [HailoRT] [info] [hef.cpp:1963] [get_network_group_and_network_name] No name was given. Addressing all networks of default network_group: yolov8s
[2026-09-14 12:48:55.619] [1937] [HailoRT] [info] [hef.cpp:1963] [get_network_group_and_network_name] No name was given. Addressing all networks of default network_group: yolov8s
[2026-09-14 12:48:55.653] [1937] [HailoRT] [info] [hef.cpp:1963] [get_network_group_and_network_name] No name was given. Addressing all networks of default network_group: yolov8s
[2026-09-14 12:48:55.686] [1937] [HailoRT] [info] [hef.cpp:1963] [get_network_group_and_network_name] No name was given. Addressing all networks of default network_group: yolov8s
[2026-09-14 12:48:55.719] [1937] [HailoRT] [info] [hef.cpp:1963] [get_network_group_and_network_name] No name was given. Addressing all networks of default network_group: yolov8s
[2026-09-14 12:48:55.754] [1937] [HailoRT] [info] [hef.cpp:1963] [get_network_group_and_network_name] No name was given. Addressing all networks of default network_group: yolov8s
[2026-09-14 12:48:55.785] [1937] [HailoRT] [info] [hef.cpp:1963] [get_network_group_and_network_name] No name was given. Addressing all networks of default network_group: yolov8s
[2026-09-14 12:48:55.820] [1937] [HailoRT] [info] [hef.cpp:1963] [get_network_group_and_network_name] No name was given. Addressing all networks of default network_group: yolov8s
[2026-09-14 12:48:55.853] [1937] [HailoRT] [info] [hef.cpp:1963] [get_network_group_and_network_name] No name was given. Addressing all networks of default network_group: yolov8s
[2026-09-14 12:48:55.886] [1937] [HailoRT] [info] [hef.cpp:1963] [get_network_group_and_network_name] No name was given. Addressing all networks of default network_group: yolov8s
[2026-09-14 12:48:55.919] [1937] [HailoRT] [info] [hef.cpp:1963] [get_network_group_and_network_name] No name was given. Addressing all networks of default network_group: yolov8s
[2026-09-14 12:48:55.955] [1937] [HailoRT] [info] [hef.cpp:1963] [get_network_group_and_network_name] No name was given. Addressing all networks of default network_group: yolov8s
[2026-09-14 12:48:55.988] [1937] [HailoRT] [info] [hef.cpp:1963] [get_network_group_and_network_name] No name was given. Addressing all networks of default network_group: yolov8s
[2026-09-14 12:48:56.020] [1937] [HailoRT] [info] [hef.cpp:1963] [get_network_group_and_network_name] No name was given. Addressing all networks of default network_group: yolov8s
[2026-09-14 12:48:56.054] [1937] [HailoRT] [info] [hef.cpp:1963] [get_network_group_and_network_name] No name was given. Addressing all networks of default network_group: yolov8s
[2026-09-14 12:48:56.088] [1937] [HailoRT] [info] [hef.cpp:1963] [get_network_group_and_network_name] No name was given. Addressing all networks of default network_group: yolov8s
[2026-09-14 12:48:56.119] [1937] [HailoRT] [info] [hef.cpp:1963] [get_network_group_and_network_name] No name was given. Addressing all networks of default network_group: yolov8s
[2026-09-14 12:48:56.152] [1937] [HailoRT] [info] [hef.cpp:1963] [get_network_group_and_network_name] No name was given. Addressing all networks of default network_group: yolov8s
[2026-09-14 12:48:56.184] [1937] [HailoRT] [info] [hef.cpp:1963] [get_network_group_and_network_name] No name was given. Addressing all networks of default network_group: yolov8s
[2026-09-14 12:48:56.219] [1937] [HailoRT] [info] [hef.cpp:1963] [get_network_group_and_network_name] No name was given. Addressing all networks of default network_group: yolov8s
[2026-09-14 12:48:56.253] [1937] [HailoRT] [info] [hef.cpp:1963] [get_network_group_and_network_name] No name was given. Addressing all networks of default network_group: yolov8s
[2026-09-14 12:48:56.285] [1937] [HailoRT] [info] [hef.cpp:1963] [get_network_group_and_network_name] No name was given. Addressing all networks of default network_group: yolov8s
[2026-09-14 12:48:56.317] [1937] [HailoRT] [info] [hef.cpp:1963] [get_network_group_and_network_name] No name was given. Addressing all networks of default network_group: yolov8s
[2026-09-14 12:48:56.351] [1937] [HailoRT] [info] [hef.cpp:1963] [get_network_group_and_network_name] No name was given. Addressing all networks of default network_group: yolov8s
[2026-09-14 12:48:56.384] [1937] [HailoRT] [info] [hef.cpp:1963] [get_network_group_and_network_name] No name was given. Addressing all networks of default network_group: yolov8s
[2026-09-14 12:48:56.418] [1937] [HailoRT] [info] [hef.cpp:1963] [get_network_group_and_network_name] No name was given. Addressing all networks of default network_group: yolov8s
[2026-09-14 12:48:56.452] [1937] [HailoRT] [info] [hef.cpp:1963] [get_network_group_and_network_name] No name was given. Addressing all networks of default network_group: yolov8s
[2026-09-14 12:48:56.485] [1937] [HailoRT] [info] [hef.cpp:1963] [get_network_group_and_network_name] No name was given. Addressing all networks of default network_group: yolov8s
[2026-09-14 12:48:56.517] [1937] [HailoRT] [info] [hef.cpp:1963] [get_network_group_and_network_name] No name was given. Addressing all networks of default network_group: yolov8s
[2026-09-14 12:48:56.551] [1937] [HailoRT] [info] [hef.cpp:1963] [get_network_group_and_network_name] No name was given. Addressing all networks of default network_group: yolov8s
[2026-09-14 12:48:56.584] [1937] [HailoRT] [info] [hef.cpp:1963] [get_network_group_and_network_name] No name was given. Addressing all networks of default network_group: yolov8s
[2026-09-14 12:48:56.618] [1937] [HailoRT] [info] [hef.cpp:1963] [get_network_group_and_network_name] No name was given. Addressing all networks of default network_group: yolov8s
[2026-09-14 12:48:56.651] [1937] [HailoRT] [info] [hef.cpp:1963] [get_network_group_and_network_name] No name was given. Addressing all networks of default network_group: yolov8s
[2026-09-14 12:48:56.685] [1937] [HailoRT] [info] [hef.cpp:1963] [get_network_group_and_network_name] No name was given. Addressing all networks of default network_group: yolov8s
[2026-09-14 12:48:56.718] [1937] [HailoRT] [info] [hef.cpp:1963] [get_network_group_and_network_name] No name was given. Addressing all networks of default network_group: yolov8s
[2026-09-14 12:48:56.752] [1937] [HailoRT] [info] [hef.cpp:1963] [get_network_group_and_network_name] No name was given. Addressing all networks of default network_group: yolov8s
[2026-09-14 12:48:56.785] [1937] [HailoRT] [info] [hef.cpp:1963] [get_network_group_and_network_name] No name was given. Addressing all networks of default network_group: yolov8s
[2026-09-14 12:48:56.819] [1937] [HailoRT] [info] [hef.cpp:1963] [get_network_group_and_network_name] No name was given. Addressing all networks of default network_group: yolov8s
[2026-09-14 12:48:56.851] [1937] [HailoRT] [info] [hef.cpp:1963] [get_network_group_and_network_name] No name was given. Addressing all networks of default network_group: yolov8s
[2026-09-14 12:48:56.883] [1937] [HailoRT] [info] [hef.cpp:1963] [get_network_group_and_network_name] No name was given. Addressing all networks of default network_group: yolov8s
[2026-09-14 12:48:56.918] [1937] [HailoRT] [info] [hef.cpp:1963] [get_network_group_and_network_name] No name was given. Addressing all networks of default network_group: yolov8s
[2026-09-14 12:48:56.950] [1937] [HailoRT] [info] [hef.cpp:1963] [get_network_group_and_network_name] No name was given. Addressing all networks of default network_group: yolov8s
[2026-09-14 12:48:56.983] [1937] [HailoRT] [info] [hef.cpp:1963] [get_network_group_and_network_name] No name was given. Addressing all networks of default network_group: yolov8s
[2026-09-14 12:48:57.018] [1937] [HailoRT] [info] [hef.cpp:1963] [get_network_group_and_network_name] No name was given. Addressing all networks of default network_group: yolov8s
[2026-09-14 12:48:57.050] [1937] [HailoRT] [info] [hef.cpp:1963] [get_network_group_and_network_name] No name was given. Addressing all networks of default network_group: yolov8s
[2026-09-14 12:48:57.083] [1937] [HailoRT] [info] [hef.cpp:1963] [get_network_group_and_network_name] No name was given. Addressing all networks of default network_group: yolov8s
[2026-09-14 12:48:57.118] [1937] [HailoRT] [info] [hef.cpp:1963] [get_network_group_and_network_name] No name was given. Addressing all networks of default network_group: yolov8s
[2026-09-14 12:48:57.151] [1937] [HailoRT] [info] [hef.cpp:1963] [get_network_group_and_network_name] No name was given. Addressing all networks of default network_group: yolov8s
[2026-09-14 12:48:57.183] [1937] [HailoRT] [info] [hef.cpp:1963] [get_network_group_and_network_name] No name was given. Addressing all networks of default network_group: yolov8s
[2026-09-14 12:48:57.220] [1937] [HailoRT] [info] [hef.cpp:1963] [get_network_group_and_network_name] No name was given. Addressing all networks of default network_group: yolov8s
[2026-09-14 12:48:57.252] [1937] [HailoRT] [info] [hef.cpp:1963] [get_network_group_and_network_name] No name was given. Addressing all networks of default network_group: yolov8s
[2026-09-14 12:48:57.285] [1937] [HailoRT] [info] [hef.cpp:1963] [get_network_group_and_network_name] No name was given. Addressing all networks of default network_group: yolov8s
[2026-09-14 12:48:57.319] [1937] [HailoRT] [info] [hef.cpp:1963] [get_network_group_and_network_name] No name was given. Addressing all networks of default network_group: yolov8s
[2026-09-14 12:48:57.352] [1937] [HailoRT] [info] [hef.cpp:1963] [get_network_group_and_network_name] No name was given. Addressing all networks of default network_group: yolov8s
[2026-09-14 12:48:57.384] [1937] [HailoRT] [info] [hef.cpp:1963] [get_network_group_and_network_name] No name was given. Addressing all networks of default network_group: yolov8s
[2026-09-14 12:48:57.418] [1937] [HailoRT] [info] [hef.cpp:1963] [get_network_group_and_network_name] No name was given. Addressing all networks of default network_group: yolov8s
[2026-09-14 12:48:57.451] [1937] [HailoRT] [info] [hef.cpp:1963] [get_network_group_and_network_name] No name was given. Addressing all networks of default network_group: yolov8s
[2026-09-14 12:48:57.483] [1937] [HailoRT] [info] [hef.cpp:1963] [get_network_group_and_network_name] No name was given. Addressing all networks of default network_group: yolov8s
[2026-09-14 12:48:57.519] [1937] [HailoRT] [info] [hef.cpp:1963] [get_network_group_and_network_name] No name was given. Addressing all networks of default network_group: yolov8s
[2026-09-14 12:48:57.552] [1937] [HailoRT] [info] [hef.cpp:1963] [get_network_group_and_network_name] No name was given. Addressing all networks of default network_group: yolov8s
[2026-09-14 12:48:57.584] [1937] [HailoRT] [info] [hef.cpp:1963] [get_network_group_and_network_name] No name was given. Addressing all networks of default network_group: yolov8s
[2026-09-14 12:48:57.619] [1937] [HailoRT] [info] [hef.cpp:1963] [get_network_group_and_network_name] No name was given. Addressing all networks of default network_group: yolov8s
[2026-09-14 12:48:57.652] [1937] [HailoRT] [info] [hef.cpp:1963] [get_network_group_and_network_name] No name was given. Addressing all networks of default network_group: yolov8s
[2026-09-14 12:48:57.684] [1937] [HailoRT] [info] [hef.cpp:1963] [get_network_group_and_network_name] No name was given. Addressing all networks of default network_group: yolov8s
[2026-09-14 12:48:57.719] [1937] [HailoRT] [info] [hef.cpp:1963] [get_network_group_and_network_name] No name was given. Addressing all networks of default network_group: yolov8s
[2026-09-14 12:48:57.750] [1937] [HailoRT] [info] [hef.cpp:1963] [get_network_group_and_network_name] No name was given. Addressing all networks of default network_group: yolov8s
[2026-09-14 12:48:57.783] [1937] [HailoRT] [info] [hef.cpp:1963] [get_network_group_and_network_name] No name was given. Addressing all networks of default network_group: yolov8s
[2026-09-14 12:48:57.818] [1937] [HailoRT] [info] [hef.cpp:1963] [get_network_group_and_network_name] No name was given. Addressing all networks of default network_group: yolov8s
[2026-09-14 12:48:57.850] [1937] [HailoRT] [info] [hef.cpp:1963] [get_network_group_and_network_name] No name was given. Addressing all networks of default network_group: yolov8s
[2026-09-14 12:48:57.883] [1937] [HailoRT] [info] [hef.cpp:1963] [get_network_group_and_network_name] No name was given. Addressing all networks of default network_group: yolov8s
[2026-09-14 12:48:57.918] [1937] [HailoRT] [info] [hef.cpp:1963] [get_network_group_and_network_name] No name was given. Addressing all networks of default network_group: yolov8s
[2026-09-14 12:48:57.950] [1937] [HailoRT] [info] [hef.cpp:1963] [get_network_group_and_network_name] No name was given. Addressing all networks of default network_group: yolov8s
[2026-09-14 12:48:57.983] [1937] [HailoRT] [info] [hef.cpp:1963] [get_network_group_and_network_name] No name was given. Addressing all networks of default network_group: yolov8s
[2026-09-14 12:48:58.018] [1937] [HailoRT] [info] [he[2026-09-17 20:08:19.283] [2399] [HailoRT] [info] [vdevice.cpp:227] [create] Creating vdevice with params: device_count: 1, scheduling_algorithm: ROUND_ROBIN, multi_process_service: false
[2026-09-17 20:08:19.316] [2399] [HailoRT] [info] [device.cpp:53] [Device] OS Version: Linux 6.18.39+rpt-rpi-2712 #1 SMP PREEMPT Debian 1:6.18.39-1+rpt1 (2026-07-29) aarch64
[2026-09-17 20:08:19.316] [2399] [HailoRT] [error] [file_utils.cpp:175] [open] CHECK failed - Failed opening file, path: 
[2026-09-17 20:08:19.318] [2399] [HailoRT] [error] [vdevice_hrpc_client.cpp:157] [create_infer_model] CHECK_SUCCESS failed with status=HAILO_OPEN_FILE_FAILURE(13)
[2026-09-17 20:09:53.638] [3191] [HailoRT] [info] [vdevice.cpp:227] [create] Creating vdevice with params: device_count: 1, scheduling_algorithm: ROUND_ROBIN, multi_process_service: false
[2026-09-17 20:09:53.683] [3191] [HailoRT] [info] [device.cpp:53] [Device] OS Version: Linux 6.18.39+rpt-rpi-2712 #1 SMP PREEMPT Debian 1:6.18.39-1+rpt1 (2026-07-29) aarch64
[2026-09-17 20:09:53.764] [3191] [HailoRT] [info] [hef.cpp:1963] [get_network_group_and_network_name] No name was given. Addressing all networks of default network_group: scrfd_10g
[2026-09-17 20:09:53.764] [3191] [HailoRT] [info] [hef.cpp:1963] [get_network_group_and_network_name] No name was given. Addressing all networks of default network_group: scrfd_10g
[2026-09-17 20:09:53.765] [3191] [HailoRT] [error] [infer_model.cpp:478] [output] CHECK failed - Model has more than one output!
[2026-09-17 20:12:08.026] [3209] [HailoRT] [info] [vdevice.cpp:227] [create] Creating vdevice with params: device_count: 1, scheduling_algorithm: ROUND_ROBIN, multi_process_service: false
[2026-09-17 20:12:08.049] [3209] [HailoRT] [info] [device.cpp:53] [Device] OS Version: Linux 6.18.39+rpt-rpi-2712 #1 SMP PREEMPT Debian 1:6.18.39-1+rpt1 (2026-07-29) aarch64
[2026-09-17 20:12:08.071] [3209] [HailoRT] [info] [hef.cpp:1963] [get_network_group_and_network_name] No name was given. Addressing all networks of default network_group: scrfd_10g
[2026-09-17 20:12:08.071] [3209] [HailoRT] [info] [hef.cpp:1963] [get_network_group_and_network_name] No name was given. Addressing all networks of default network_group: scrfd_10g
[2026-09-17 20:12:08.071] [3209] [HailoRT] [error] [infer_model.cpp:478] [output] CHECK failed - Model has more than one output!
[2026-09-17 20:16:10.687] [3313] [HailoRT] [info] [vdevice.cpp:227] [create] Creating vdevice with params: device_count: 1, scheduling_algorithm: ROUND_ROBIN, multi_process_service: false
[2026-09-17 20:16:10.711] [3313] [HailoRT] [info] [device.cpp:53] [Device] OS Version: Linux 6.18.39+rpt-rpi-2712 #1 SMP PREEMPT Debian 1:6.18.39-1+rpt1 (2026-07-29) aarch64
[2026-09-17 20:16:10.778] [3313] [HailoRT] [info] [hef.cpp:1963] [get_network_group_and_network_name] No name was given. Addressing all networks of default network_group: scrfd_10g
[2026-09-17 20:16:10.778] [3313] [HailoRT] [info] [hef.cpp:1963] [get_network_group_and_network_name] No name was given. Addressing all networks of default network_group: scrfd_10g
[2026-09-17 20:16:11.218] [3313] [HailoRT] [info] [hef.cpp:1963] [get_network_group_and_network_name] No name was given. Addressing all networks of default network_group: scrfd_10g
[2026-09-17 20:16:11.218] [3313] [HailoRT] [info] [hef.cpp:1963] [get_network_group_and_network_name] No name was given. Addressing all networks of default network_group: scrfd_10g
[2026-09-17 20:16:11.221] [3313] [HailoRT] [error] [infer_model.cpp:478] [output] CHECK failed - Model has more than one output!
[2026-09-17 20:19:00.328] [3409] [HailoRT] [info] [vdevice.cpp:227] [create] Creating vdevice with params: device_count: 1, scheduling_algorithm: ROUND_ROBIN, multi_process_service: false
[2026-09-17 20:19:00.352] [3409] [HailoRT] [info] [device.cpp:53] [Device] OS Version: Linux 6.18.39+rpt-rpi-2712 #1 SMP PREEMPT Debian 1:6.18.39-1+rpt1 (2026-07-29) aarch64
[2026-09-17 20:19:00.418] [3409] [HailoRT] [info] [hef.cpp:1963] [get_network_group_and_network_name] No name was given. Addressing all networks of default network_group: scrfd_10g
[2026-09-17 20:19:00.419] [3409] [HailoRT] [info] [hef.cpp:1963] [get_network_group_and_network_name] No name was given. Addressing all networks of default network_group: scrfd_10g
[2026-09-17 20:19:00.674] [3409] [HailoRT] [info] [hef.cpp:1963] [get_network_group_and_network_name] No name was given. Addressing all networks of default network_group: scrfd_10g
[2026-09-17 20:19:00.674] [3409] [HailoRT] [info] [hef.cpp:1963] [get_network_group_and_network_name] No name was given. Addressing all networks of default network_group: scrfd_10g
